2026-09-28 10:28:21 | INFO | P06 | === RUN START ===
2026-09-28 10:28:21 | INFO | P06 | project=P06 - LINEAR REGRESSION
2026-09-28 10:28:21 | INFO | P06 | repo_dir=datafun-06-ml
2026-09-28 10:28:21 | INFO | P06 | python=3.14.7
2026-09-28 10:28:21 | INFO | P06 | os=Windows 11
2026-09-28 10:28:21 | INFO | P06 | shell=powershell
2026-09-28 10:28:21 | INFO | P06 | cwd=.
2026-09-28 10:28:21 | INFO | P06 | github_actions=False
2026-09-28 10:28:21 | INFO | P06 | ===================================
2026-09-28 10:28:21 | INFO | P06 | START main()
2026-09-28 10:28:21 | INFO | P06 | ===================================
2026-09-28 10:28:21 | INFO | P06 | -------------------------------
2026-09-28 10:28:21 | INFO | P06 | 01. OBSERVE the data and prior findings.
2026-09-28 10:28:21 | INFO | P06 | -------------------------------
2026-09-28 10:28:21 | INFO | P06 | data file = data\raw\penguins.csv
2026-09-28 10:28:21 | INFO | P06 | Data loaded successfully.
2026-09-28 10:28:21 | INFO | P06 | Grain: one penguin
2026-09-28 10:28:21 | INFO | P06 | Rows: 344
2026-09-28 10:28:21 | INFO | P06 | Columns: 8
2026-09-28 10:28:21 | INFO | P06 | Column names: ['species', 'island', 'bill_length_mm', 'bill_depth_mm', 'flipper_length_mm', 'body_mass_g', 'sex', 'year']
2026-09-28 10:28:21 | INFO | P06 | -------------------------------
2026-09-28 10:28:21 | INFO | P06 | 02. DECLARE the target and feature.
2026-09-28 10:28:21 | INFO | P06 | -------------------------------
2026-09-28 10:28:21 | INFO | P06 | Target:  body_mass_g
2026-09-28 10:28:21 | INFO | P06 | Feature: bill_length_mm
2026-09-28 10:28:21 | INFO | P06 | 
I want to predict body mass.

I selected bill length as the feature.

A bigger penguin may have both a longer bill and more mass,
so bill length might contain useful information
for predicting body mass.

I do not know yet how well bill length will predict body mass.
The modeling process will provide evidence.

2026-09-28 10:28:21 | INFO | P06 | -------------------------------
2026-09-28 10:28:21 | INFO | P06 | 03. PREPARE the modeling data.
2026-09-28 10:28:21 | INFO | P06 | -------------------------------
2026-09-28 10:28:21 | INFO | P06 | Original rows: 344
2026-09-28 10:28:21 | INFO | P06 | Modeling rows: 342
2026-09-28 10:28:21 | INFO | P06 | Rows dropped: 2
2026-09-28 10:28:21 | INFO | P06 | X shape: (342, 1)
2026-09-28 10:28:21 | INFO | P06 | y shape: (342,)
2026-09-28 10:28:21 | INFO | P06 | -------------------------------
2026-09-28 10:28:21 | INFO | P06 | 04. SPLIT into training and test data.
2026-09-28 10:28:21 | INFO | P06 | -------------------------------
2026-09-28 10:28:21 | INFO | P06 | 
I will use 80% of the modeling rows for training
and hold back 20% for testing.

I want most of the available data to be available
for learning the model,
while still keeping a separate set of observations
that the model did not see during training.

The test rows will be used later
to evaluate how the trained model performs
on unseen observations.

I will use a random seed of 42.

The specific value 42 is not analytically important.
I use a fixed seed so the random split is reproducible.
Running the project again will produce the same
training and test observations,
which makes results easier to reproduce and compare.

2026-09-28 10:28:21 | INFO | P06 | Training rows: 273
2026-09-28 10:28:21 | INFO | P06 | Test rows: 69
2026-09-28 10:28:21 | INFO | P06 | -------------------------------
2026-09-28 10:28:21 | INFO | P06 | 05. BASELINE with a simple reference model.
2026-09-28 10:28:21 | INFO | P06 | -------------------------------
2026-09-28 10:28:21 | INFO | P06 | 
Before evaluating the LinearRegression model,
I need a simple baseline for comparison.

The baseline will ignore bill length
and predict the average body mass
from the training data for every test observation.

A useful predictive model should improve
on this simple reference prediction.

2026-09-28 10:28:22 | INFO | P06 | Baseline strategy: mean
2026-09-28 10:28:22 | INFO | P06 | Baseline RMSE: 751.68
2026-09-28 10:28:22 | INFO | P06 | Baseline R-squared: -0.002
2026-09-28 10:28:22 | INFO | P06 | -------------------------------
2026-09-28 10:28:22 | INFO | P06 | 06. TRAIN a LinearRegression model.
2026-09-28 10:28:22 | INFO | P06 | -------------------------------
2026-09-28 10:28:22 | INFO | P06 | 
I will use LinearRegression.

Linear regression fits a straight-line relationship
between the selected feature and target.

This gives a simple and interpretable model
that can be compared with the baseline.

Fitting a line does not prove that a straight line
is a good description of the relationship.

The evaluation metrics and residual plot
will help assess whether the model is useful.

2026-09-28 10:28:22 | INFO | P06 | The model learned this line:
2026-09-28 10:28:22 | INFO | P06 | body_mass_g = 85.343 * bill_length_mm + 454.089
2026-09-28 10:28:22 | INFO | P06 | -------------------------------
2026-09-28 10:28:22 | INFO | P06 | 07. PREDICT on X_test.
2026-09-28 10:28:22 | INFO | P06 | -------------------------------
2026-09-28 10:28:22 | INFO | P06 | Predictions created: 69
2026-09-28 10:28:22 | INFO | P06 | -------------------------------
2026-09-28 10:28:22 | INFO | P06 | 08. EVALUATE baseline vs model on y_test.
2026-09-28 10:28:22 | INFO | P06 | -------------------------------
2026-09-28 10:28:22 | INFO | P06 | BASELINE RESULTS
2026-09-28 10:28:22 | INFO | P06 | RMSE:      751.68
2026-09-28 10:28:22 | INFO | P06 | R-squared: -0.002
2026-09-28 10:28:22 | INFO | P06 | LINEAR REGRESSION RESULTS
2026-09-28 10:28:22 | INFO | P06 | RMSE:      565.76
2026-09-28 10:28:22 | INFO | P06 | R-squared: 0.433
2026-09-28 10:28:22 | INFO | P06 | -------------------------------
2026-09-28 10:28:22 | INFO | P06 | 09. VISUALIZE predictions and residuals.
2026-09-28 10:28:22 | INFO | P06 | -------------------------------
2026-09-28 10:28:23 | INFO | P06 | Chart saved successfully at docs\images\regression-predictions.png.
2026-09-28 10:28:24 | INFO | P06 | Chart saved successfully at docs\images\regression-residuals.png.
2026-09-28 10:28:24 | INFO | P06 | -------------------------------
2026-09-28 10:28:24 | INFO | P06 | 10. ASSESS the results.
2026-09-28 10:28:24 | INFO | P06 | -------------------------------
2026-09-28 10:28:24 | INFO | P06 | CUSTOM OBSERVATIONS:
    I used bill length to predict body mass.

    The baseline RMSE was ...
    The LinearRegression RMSE was ...

    Compared with the baseline,
    the LinearRegression model ...

    The model R-squared was ...

    In the residual plot, I observed ...

    Based on this evidence,
    I conclude ...

    Next, I would like to try ...
    
2026-09-28 10:28:24 | INFO | P06 | In a script, call plt.show() at the end to display all charts.
2026-09-28 10:28:24 | INFO | P06 | Close all chart windows (with the close button) to continue.
2026-09-28 10:29:09 | INFO | P06 | ===================================
2026-09-28 10:29:09 | INFO | P06 | END main() - Executed successfully!
2026-09-28 10:29:09 | INFO | P06 | ===================================
2026-09-28 10:37:31 | INFO | P06 | === RUN START ===
2026-09-28 10:37:31 | INFO | P06 | project=P06 - LINEAR REGRESSION
2026-09-28 10:37:31 | INFO | P06 | repo_dir=datafun-06-ml
2026-09-28 10:37:31 | INFO | P06 | python=3.14.7
2026-09-28 10:37:31 | INFO | P06 | os=Windows 11
2026-09-28 10:37:31 | INFO | P06 | shell=powershell
2026-09-28 10:37:31 | INFO | P06 | cwd=.
2026-09-28 10:37:31 | INFO | P06 | github_actions=False
2026-09-28 10:37:31 | INFO | P06 | ===================================
2026-09-28 10:37:31 | INFO | P06 | START main()
2026-09-28 10:37:31 | INFO | P06 | ===================================
2026-09-28 10:37:31 | INFO | P06 | -------------------------------
2026-09-28 10:37:31 | INFO | P06 | 01. OBSERVE the data and prior findings.
2026-09-28 10:37:31 | INFO | P06 | -------------------------------
2026-09-28 10:37:31 | INFO | P06 | data file = data\raw\penguins.csv
2026-09-28 10:37:31 | INFO | P06 | Data loaded successfully.
2026-09-28 10:37:31 | INFO | P06 | Grain: one penguin
2026-09-28 10:37:31 | INFO | P06 | Rows: 344
2026-09-28 10:37:31 | INFO | P06 | Columns: 8
2026-09-28 10:37:31 | INFO | P06 | Column names: ['species', 'island', 'bill_length_mm', 'bill_depth_mm', 'flipper_length_mm', 'body_mass_g', 'sex', 'year']
2026-09-28 10:37:31 | INFO | P06 | -------------------------------
2026-09-28 10:37:31 | INFO | P06 | 02. DECLARE the target and feature.
2026-09-28 10:37:31 | INFO | P06 | -------------------------------
2026-09-28 10:37:31 | INFO | P06 | Target:  body_mass_g
2026-09-28 10:37:31 | INFO | P06 | Feature: bill_length_mm
2026-09-28 10:37:31 | INFO | P06 | 
I want to predict body mass.

I selected bill length as the feature.

A bigger penguin may have both a longer bill and more mass,
so bill length might contain useful information
for predicting body mass.

I do not know yet how well bill length will predict body mass.
The modeling process will provide evidence.

2026-09-28 10:37:31 | INFO | P06 | -------------------------------
2026-09-28 10:37:31 | INFO | P06 | 03. PREPARE the modeling data.
2026-09-28 10:37:31 | INFO | P06 | -------------------------------
2026-09-28 10:37:31 | INFO | P06 | Original rows: 344
2026-09-28 10:37:31 | INFO | P06 | Modeling rows: 342
2026-09-28 10:37:31 | INFO | P06 | Rows dropped: 2
2026-09-28 10:37:31 | INFO | P06 | X shape: (342, 1)
2026-09-28 10:37:31 | INFO | P06 | y shape: (342,)
2026-09-28 10:37:31 | INFO | P06 | -------------------------------
2026-09-28 10:37:31 | INFO | P06 | 04. SPLIT into training and test data.
2026-09-28 10:37:31 | INFO | P06 | -------------------------------
2026-09-28 10:37:31 | INFO | P06 | 
I will use 80% of the modeling rows for training
and hold back 20% for testing.

I want most of the available data to be available
for learning the model,
while still keeping a separate set of observations
that the model did not see during training.

The test rows will be used later
to evaluate how the trained model performs
on unseen observations.

I will use a random seed of 42.

The specific value 42 is not analytically important.
I use a fixed seed so the random split is reproducible.
Running the project again will produce the same
training and test observations,
which makes results easier to reproduce and compare.

2026-09-28 10:37:31 | INFO | P06 | Training rows: 273
2026-09-28 10:37:31 | INFO | P06 | Test rows: 69
2026-09-28 10:37:31 | INFO | P06 | -------------------------------
2026-09-28 10:37:31 | INFO | P06 | 05. BASELINE with a simple reference model.
2026-09-28 10:37:31 | INFO | P06 | -------------------------------
2026-09-28 10:37:31 | INFO | P06 | 
Before evaluating the LinearRegression model,
I need a simple baseline for comparison.

The baseline will ignore bill length
and predict the average body mass
from the training data for every test observation.

A useful predictive model should improve
on this simple reference prediction.

2026-09-28 10:37:31 | INFO | P06 | Baseline strategy: mean
2026-09-28 10:37:31 | INFO | P06 | Baseline RMSE: 751.68
2026-09-28 10:37:31 | INFO | P06 | Baseline R-squared: -0.002
2026-09-28 10:37:31 | INFO | P06 | -------------------------------
2026-09-28 10:37:31 | INFO | P06 | 06. TRAIN a LinearRegression model.
2026-09-28 10:37:31 | INFO | P06 | -------------------------------
2026-09-28 10:37:31 | INFO | P06 | 
I will use LinearRegression.

Linear regression fits a straight-line relationship
between the selected feature and target.

This gives a simple and interpretable model
that can be compared with the baseline.

Fitting a line does not prove that a straight line
is a good description of the relationship.

The evaluation metrics and residual plot
will help assess whether the model is useful.

2026-09-28 10:37:31 | INFO | P06 | The model learned this line:
2026-09-28 10:37:31 | INFO | P06 | body_mass_g = 85.343 * bill_length_mm + 454.089
2026-09-28 10:37:31 | INFO | P06 | -------------------------------
2026-09-28 10:37:31 | INFO | P06 | 07. PREDICT on X_test.
2026-09-28 10:37:31 | INFO | P06 | -------------------------------
2026-09-28 10:37:31 | INFO | P06 | Predictions created: 69
2026-09-28 10:37:31 | INFO | P06 | -------------------------------
2026-09-28 10:37:31 | INFO | P06 | 08. EVALUATE baseline vs model on y_test.
2026-09-28 10:37:31 | INFO | P06 | -------------------------------
2026-09-28 10:37:31 | INFO | P06 | BASELINE RESULTS
2026-09-28 10:37:31 | INFO | P06 | RMSE:      751.68
2026-09-28 10:37:31 | INFO | P06 | R-squared: -0.002
2026-09-28 10:37:31 | INFO | P06 | LINEAR REGRESSION RESULTS
2026-09-28 10:37:31 | INFO | P06 | RMSE:      565.76
2026-09-28 10:37:31 | INFO | P06 | R-squared: 0.433
2026-09-28 10:37:31 | INFO | P06 | -------------------------------
2026-09-28 10:37:31 | INFO | P06 | 09. VISUALIZE predictions and residuals.
2026-09-28 10:37:31 | INFO | P06 | -------------------------------
2026-09-28 10:37:31 | INFO | P06 | Chart saved successfully at docs\images\regression-predictions.png.
2026-09-28 10:37:31 | INFO | P06 | Chart saved successfully at docs\images\regression-residuals.png.
2026-09-28 10:37:31 | INFO | P06 | -------------------------------
2026-09-28 10:37:31 | INFO | P06 | 10. ASSESS the results.
2026-09-28 10:37:31 | INFO | P06 | -------------------------------
2026-09-28 10:37:31 | INFO | P06 | CUSTOM OBSERVATIONS:
    I used bill length to predict body mass.

    The baseline RMSE was ...
    The LinearRegression RMSE was ...

    Compared with the baseline,
    the LinearRegression model ...

    The model R-squared was ...

    In the residual plot, I observed ...

    Based on this evidence,
    I conclude ...

    Next, I would like to try ...
    
2026-09-28 10:37:31 | INFO | P06 | In a script, call plt.show() at the end to display all charts.
2026-09-28 10:37:31 | INFO | P06 | Close all chart windows (with the close button) to continue.
2026-09-28 10:41:25 | INFO | P06 | ===================================
2026-09-28 10:41:25 | INFO | P06 | END main() - Executed successfully!
2026-09-28 10:41:25 | INFO | P06 | ===================================
2026-10-01 13:42:43 | INFO | P06 | === RUN START ===
2026-10-01 13:42:43 | INFO | P06 | project=P06 - LINEAR REGRESSION
2026-10-01 13:42:43 | INFO | P06 | repo_dir=datafun-06-ml
2026-10-01 13:42:43 | INFO | P06 | python=3.14.7
2026-10-01 13:42:43 | INFO | P06 | os=Windows 11
2026-10-01 13:42:43 | INFO | P06 | shell=powershell
2026-10-01 13:42:43 | INFO | P06 | cwd=.
2026-10-01 13:42:43 | INFO | P06 | github_actions=False
2026-10-01 13:42:43 | INFO | P06 | ===================================
2026-10-01 13:42:43 | INFO | P06 | START main()
2026-10-01 13:42:43 | INFO | P06 | ===================================
2026-10-01 13:42:43 | INFO | P06 | -------------------------------
2026-10-01 13:42:43 | INFO | P06 | 01. OBSERVE the data and prior findings.
2026-10-01 13:42:43 | INFO | P06 | -------------------------------
2026-10-01 13:42:43 | INFO | P06 | data file = data\raw\penguins.csv
2026-10-01 13:42:43 | INFO | P06 | Data loaded successfully.
2026-10-01 13:42:43 | INFO | P06 | Grain: one penguin
2026-10-01 13:42:43 | INFO | P06 | Rows: 344
2026-10-01 13:42:43 | INFO | P06 | Columns: 8
2026-10-01 13:42:43 | INFO | P06 | Column names: ['species', 'island', 'bill_length_mm', 'bill_depth_mm', 'flipper_length_mm', 'body_mass_g', 'sex', 'year']
2026-10-01 13:42:43 | INFO | P06 | -------------------------------
2026-10-01 13:42:43 | INFO | P06 | 02. DECLARE the target and feature.
2026-10-01 13:42:43 | INFO | P06 | -------------------------------
2026-10-01 13:42:43 | INFO | P06 | Target:  body_mass_g
2026-10-01 13:42:43 | INFO | P06 | Feature: bill_length_mm
2026-10-01 13:42:43 | INFO | P06 | 
I want to predict body mass.

I selected bill length as the feature.

A bigger penguin may have both a longer bill and more mass,
so bill length might contain useful information
for predicting body mass.

I do not know yet how well bill length will predict body mass.
The modeling process will provide evidence.

2026-10-01 13:42:43 | INFO | P06 | -------------------------------
2026-10-01 13:42:43 | INFO | P06 | 03. PREPARE the modeling data.
2026-10-01 13:42:43 | INFO | P06 | -------------------------------
2026-10-01 13:42:43 | INFO | P06 | Original rows: 344
2026-10-01 13:42:43 | INFO | P06 | Modeling rows: 342
2026-10-01 13:42:43 | INFO | P06 | Rows dropped: 2
2026-10-01 13:42:43 | INFO | P06 | X shape: (342, 1)
2026-10-01 13:42:43 | INFO | P06 | y shape: (342,)
2026-10-01 13:42:43 | INFO | P06 | -------------------------------
2026-10-01 13:42:43 | INFO | P06 | 04. SPLIT into training and test data.
2026-10-01 13:42:43 | INFO | P06 | -------------------------------
2026-10-01 13:42:43 | INFO | P06 | 
I will use 80% of the modeling rows for training
and hold back 20% for testing.

I want most of the available data to be available
for learning the model,
while still keeping a separate set of observations
that the model did not see during training.

The test rows will be used later
to evaluate how the trained model performs
on unseen observations.

I will use a random seed of 42.

The specific value 42 is not analytically important.
I use a fixed seed so the random split is reproducible.
Running the project again will produce the same
training and test observations,
which makes results easier to reproduce and compare.

2026-10-01 13:42:43 | INFO | P06 | Training rows: 239
2026-10-01 13:42:43 | INFO | P06 | Test rows: 103
2026-10-01 13:42:43 | INFO | P06 | -------------------------------
2026-10-01 13:42:43 | INFO | P06 | 05. BASELINE with a simple reference model.
2026-10-01 13:42:43 | INFO | P06 | -------------------------------
2026-10-01 13:42:43 | INFO | P06 | 
Before evaluating the LinearRegression model,
I need a simple baseline for comparison.

The baseline will ignore bill length
and predict the average body mass
from the training data for every test observation.

A useful predictive model should improve
on this simple reference prediction.

2026-10-01 13:42:44 | INFO | P06 | Baseline strategy: mean
2026-10-01 13:42:44 | INFO | P06 | Baseline RMSE: 750.30
2026-10-01 13:42:44 | INFO | P06 | Baseline R-squared: -0.016
2026-10-01 13:42:44 | INFO | P06 | -------------------------------
2026-10-01 13:42:44 | INFO | P06 | 06. TRAIN a LinearRegression model.
2026-10-01 13:42:44 | INFO | P06 | -------------------------------
2026-10-01 13:42:44 | INFO | P06 | 
I will use LinearRegression.

Linear regression fits a straight-line relationship
between the selected feature and target.

This gives a simple and interpretable model
that can be compared with the baseline.

Fitting a line does not prove that a straight line
is a good description of the relationship.

The evaluation metrics and residual plot
will help assess whether the model is useful.

2026-10-01 13:42:44 | INFO | P06 | The model learned this line:
2026-10-01 13:42:44 | INFO | P06 | body_mass_g = 88.959 * bill_length_mm + 317.829
2026-10-01 13:42:44 | INFO | P06 | -------------------------------
2026-10-01 13:42:44 | INFO | P06 | 07. PREDICT on X_test.
2026-10-01 13:42:44 | INFO | P06 | -------------------------------
2026-10-01 13:42:44 | INFO | P06 | Predictions created: 103
2026-10-01 13:42:44 | INFO | P06 | -------------------------------
2026-10-01 13:42:44 | INFO | P06 | 08. EVALUATE baseline vs model on y_test.
2026-10-01 13:42:44 | INFO | P06 | -------------------------------
2026-10-01 13:42:44 | INFO | P06 | BASELINE RESULTS
2026-10-01 13:42:44 | INFO | P06 | RMSE:      750.30
2026-10-01 13:42:44 | INFO | P06 | R-squared: -0.016
2026-10-01 13:42:44 | INFO | P06 | LINEAR REGRESSION RESULTS
2026-10-01 13:42:44 | INFO | P06 | RMSE:      591.33
2026-10-01 13:42:44 | INFO | P06 | R-squared: 0.369
2026-10-01 13:42:44 | INFO | P06 | -------------------------------
2026-10-01 13:42:44 | INFO | P06 | 09. VISUALIZE predictions and residuals.
2026-10-01 13:42:44 | INFO | P06 | -------------------------------
2026-10-01 13:42:44 | INFO | P06 | Chart saved successfully at docs\images\regression-predictions.png.
2026-10-01 13:42:44 | INFO | P06 | Chart saved successfully at docs\images\regression-residuals.png.
2026-10-01 13:42:44 | INFO | P06 | -------------------------------
2026-10-01 13:42:44 | INFO | P06 | 10. ASSESS the results.
2026-10-01 13:42:44 | INFO | P06 | -------------------------------
2026-10-01 13:42:44 | INFO | P06 | CUSTOM OBSERVATIONS:
    I used bill length to predict body mass.

    The baseline RMSE was ...
    The LinearRegression RMSE was ...

    Compared with the baseline,
    the LinearRegression model ...

    The model R-squared was ...

    In the residual plot, I observed ...

    Based on this evidence,
    I conclude ...

    Next, I would like to try ...
    
2026-10-01 13:42:44 | INFO | P06 | In a script, call plt.show() at the end to display all charts.
2026-10-01 13:42:44 | INFO | P06 | Close all chart windows (with the close button) to continue.
2026-10-01 13:43:41 | INFO | P06 | ===================================
2026-10-01 13:43:41 | INFO | P06 | END main() - Executed successfully!
2026-10-01 13:43:41 | INFO | P06 | ===================================
2026-10-01 13:46:20 | INFO | P06 | === RUN START ===
2026-10-01 13:46:20 | INFO | P06 | project=P06 - LINEAR REGRESSION
2026-10-01 13:46:20 | INFO | P06 | repo_dir=datafun-06-ml
2026-10-01 13:46:20 | INFO | P06 | python=3.14.7
2026-10-01 13:46:20 | INFO | P06 | os=Windows 11
2026-10-01 13:46:20 | INFO | P06 | shell=powershell
2026-10-01 13:46:20 | INFO | P06 | cwd=.
2026-10-01 13:46:20 | INFO | P06 | github_actions=False
2026-10-01 13:46:20 | INFO | P06 | ===================================
2026-10-01 13:46:20 | INFO | P06 | START main()
2026-10-01 13:46:20 | INFO | P06 | ===================================
2026-10-01 13:46:20 | INFO | P06 | -------------------------------
2026-10-01 13:46:20 | INFO | P06 | 01. OBSERVE the data and prior findings.
2026-10-01 13:46:20 | INFO | P06 | -------------------------------
2026-10-01 13:46:20 | INFO | P06 | data file = data\raw\penguins.csv
2026-10-01 13:46:20 | INFO | P06 | Data loaded successfully.
2026-10-01 13:46:20 | INFO | P06 | Grain: one penguin
2026-10-01 13:46:20 | INFO | P06 | Rows: 344
2026-10-01 13:46:20 | INFO | P06 | Columns: 8
2026-10-01 13:46:20 | INFO | P06 | Column names: ['species', 'island', 'bill_length_mm', 'bill_depth_mm', 'flipper_length_mm', 'body_mass_g', 'sex', 'year']
2026-10-01 13:46:20 | INFO | P06 | -------------------------------
2026-10-01 13:46:20 | INFO | P06 | 02. DECLARE the target and feature.
2026-10-01 13:46:20 | INFO | P06 | -------------------------------
2026-10-01 13:46:20 | INFO | P06 | Target:  body_mass_g
2026-10-01 13:46:20 | INFO | P06 | Feature: bill_length_mm
2026-10-01 13:46:20 | INFO | P06 | 
I want to predict body mass.

I selected bill length as the feature.

A bigger penguin may have both a longer bill and more mass,
so bill length might contain useful information
for predicting body mass.

I do not know yet how well bill length will predict body mass.
The modeling process will provide evidence.

2026-10-01 13:46:20 | INFO | P06 | -------------------------------
2026-10-01 13:46:20 | INFO | P06 | 03. PREPARE the modeling data.
2026-10-01 13:46:20 | INFO | P06 | -------------------------------
2026-10-01 13:46:20 | INFO | P06 | Original rows: 344
2026-10-01 13:46:20 | INFO | P06 | Modeling rows: 342
2026-10-01 13:46:20 | INFO | P06 | Rows dropped: 2
2026-10-01 13:46:20 | INFO | P06 | X shape: (342, 1)
2026-10-01 13:46:20 | INFO | P06 | y shape: (342,)
2026-10-01 13:46:20 | INFO | P06 | -------------------------------
2026-10-01 13:46:20 | INFO | P06 | 04. SPLIT into training and test data.
2026-10-01 13:46:20 | INFO | P06 | -------------------------------
2026-10-01 13:46:20 | INFO | P06 | 
I will use 80% of the modeling rows for training
and hold back 20% for testing.

I want most of the available data to be available
for learning the model,
while still keeping a separate set of observations
that the model did not see during training.

The test rows will be used later
to evaluate how the trained model performs
on unseen observations.

I will use a random seed of 42.

The specific value 42 is not analytically important.
I use a fixed seed so the random split is reproducible.
Running the project again will produce the same
training and test observations,
which makes results easier to reproduce and compare.

2026-10-01 13:46:20 | INFO | P06 | Training rows: 307
2026-10-01 13:46:20 | INFO | P06 | Test rows: 35
2026-10-01 13:46:20 | INFO | P06 | -------------------------------
2026-10-01 13:46:20 | INFO | P06 | 05. BASELINE with a simple reference model.
2026-10-01 13:46:20 | INFO | P06 | -------------------------------
2026-10-01 13:46:20 | INFO | P06 | 
Before evaluating the LinearRegression model,
I need a simple baseline for comparison.

The baseline will ignore bill length
and predict the average body mass
from the training data for every test observation.

A useful predictive model should improve
on this simple reference prediction.

2026-10-01 13:46:20 | INFO | P06 | Baseline strategy: mean
2026-10-01 13:46:20 | INFO | P06 | Baseline RMSE: 693.39
2026-10-01 13:46:20 | INFO | P06 | Baseline R-squared: -0.010
2026-10-01 13:46:20 | INFO | P06 | -------------------------------
2026-10-01 13:46:20 | INFO | P06 | 06. TRAIN a LinearRegression model.
2026-10-01 13:46:20 | INFO | P06 | -------------------------------
2026-10-01 13:46:20 | INFO | P06 | 
I will use LinearRegression.

Linear regression fits a straight-line relationship
between the selected feature and target.

This gives a simple and interpretable model
that can be compared with the baseline.

Fitting a line does not prove that a straight line
is a good description of the relationship.

The evaluation metrics and residual plot
will help assess whether the model is useful.

2026-10-01 13:46:20 | INFO | P06 | The model learned this line:
2026-10-01 13:46:20 | INFO | P06 | body_mass_g = 87.743 * bill_length_mm + 348.629
2026-10-01 13:46:20 | INFO | P06 | -------------------------------
2026-10-01 13:46:20 | INFO | P06 | 07. PREDICT on X_test.
2026-10-01 13:46:20 | INFO | P06 | -------------------------------
2026-10-01 13:46:20 | INFO | P06 | Predictions created: 35
2026-10-01 13:46:20 | INFO | P06 | -------------------------------
2026-10-01 13:46:20 | INFO | P06 | 08. EVALUATE baseline vs model on y_test.
2026-10-01 13:46:20 | INFO | P06 | -------------------------------
2026-10-01 13:46:20 | INFO | P06 | BASELINE RESULTS
2026-10-01 13:46:20 | INFO | P06 | RMSE:      693.39
2026-10-01 13:46:20 | INFO | P06 | R-squared: -0.010
2026-10-01 13:46:20 | INFO | P06 | LINEAR REGRESSION RESULTS
2026-10-01 13:46:20 | INFO | P06 | RMSE:      571.93
2026-10-01 13:46:20 | INFO | P06 | R-squared: 0.313
2026-10-01 13:46:20 | INFO | P06 | -------------------------------
2026-10-01 13:46:20 | INFO | P06 | 09. VISUALIZE predictions and residuals.
2026-10-01 13:46:20 | INFO | P06 | -------------------------------
2026-10-01 13:46:20 | INFO | P06 | Chart saved successfully at docs\images\regression-predictions.png.
2026-10-01 13:46:20 | INFO | P06 | Chart saved successfully at docs\images\regression-residuals.png.
2026-10-01 13:46:20 | INFO | P06 | -------------------------------
2026-10-01 13:46:20 | INFO | P06 | 10. ASSESS the results.
2026-10-01 13:46:20 | INFO | P06 | -------------------------------
2026-10-01 13:46:20 | INFO | P06 | CUSTOM OBSERVATIONS:
    I used bill length to predict body mass.

    The baseline RMSE was ...
    The LinearRegression RMSE was ...

    Compared with the baseline,
    the LinearRegression model ...

    The model R-squared was ...

    In the residual plot, I observed ...

    Based on this evidence,
    I conclude ...

    Next, I would like to try ...
    
2026-10-01 13:46:20 | INFO | P06 | In a script, call plt.show() at the end to display all charts.
2026-10-01 13:46:20 | INFO | P06 | Close all chart windows (with the close button) to continue.
2026-10-01 13:47:01 | INFO | P06 | ===================================
2026-10-01 13:47:01 | INFO | P06 | END main() - Executed successfully!
2026-10-01 13:47:01 | INFO | P06 | ===================================
2026-10-01 13:49:08 | INFO | P06 | === RUN START ===
2026-10-01 13:49:08 | INFO | P06 | project=P06 - LINEAR REGRESSION
2026-10-01 13:49:08 | INFO | P06 | repo_dir=datafun-06-ml
2026-10-01 13:49:08 | INFO | P06 | python=3.14.7
2026-10-01 13:49:08 | INFO | P06 | os=Windows 11
2026-10-01 13:49:08 | INFO | P06 | shell=powershell
2026-10-01 13:49:08 | INFO | P06 | cwd=.
2026-10-01 13:49:08 | INFO | P06 | github_actions=False
2026-10-01 13:49:08 | INFO | P06 | ===================================
2026-10-01 13:49:08 | INFO | P06 | START main()
2026-10-01 13:49:08 | INFO | P06 | ===================================
2026-10-01 13:49:08 | INFO | P06 | -------------------------------
2026-10-01 13:49:08 | INFO | P06 | 01. OBSERVE the data and prior findings.
2026-10-01 13:49:08 | INFO | P06 | -------------------------------
2026-10-01 13:49:08 | INFO | P06 | data file = data\raw\penguins.csv
2026-10-01 13:49:08 | INFO | P06 | Data loaded successfully.
2026-10-01 13:49:08 | INFO | P06 | Grain: one penguin
2026-10-01 13:49:08 | INFO | P06 | Rows: 344
2026-10-01 13:49:08 | INFO | P06 | Columns: 8
2026-10-01 13:49:08 | INFO | P06 | Column names: ['species', 'island', 'bill_length_mm', 'bill_depth_mm', 'flipper_length_mm', 'body_mass_g', 'sex', 'year']
2026-10-01 13:49:08 | INFO | P06 | -------------------------------
2026-10-01 13:49:08 | INFO | P06 | 02. DECLARE the target and feature.
2026-10-01 13:49:08 | INFO | P06 | -------------------------------
2026-10-01 13:49:08 | INFO | P06 | Target:  body_mass_g
2026-10-01 13:49:08 | INFO | P06 | Feature: flipper_length_mm
2026-10-01 13:49:08 | INFO | P06 | 
I want to predict body mass.

I selected bill length as the feature.

A bigger penguin may have both a longer bill and more mass,
so bill length might contain useful information
for predicting body mass.

I do not know yet how well bill length will predict body mass.
The modeling process will provide evidence.

2026-10-01 13:49:08 | INFO | P06 | -------------------------------
2026-10-01 13:49:08 | INFO | P06 | 03. PREPARE the modeling data.
2026-10-01 13:49:08 | INFO | P06 | -------------------------------
2026-10-01 13:49:08 | INFO | P06 | Original rows: 344
2026-10-01 13:49:08 | INFO | P06 | Modeling rows: 342
2026-10-01 13:49:08 | INFO | P06 | Rows dropped: 2
2026-10-01 13:49:08 | INFO | P06 | X shape: (342, 1)
2026-10-01 13:49:08 | INFO | P06 | y shape: (342,)
2026-10-01 13:49:08 | INFO | P06 | -------------------------------
2026-10-01 13:49:08 | INFO | P06 | 04. SPLIT into training and test data.
2026-10-01 13:49:08 | INFO | P06 | -------------------------------
2026-10-01 13:49:08 | INFO | P06 | 
I will use 80% of the modeling rows for training
and hold back 20% for testing.

I want most of the available data to be available
for learning the model,
while still keeping a separate set of observations
that the model did not see during training.

The test rows will be used later
to evaluate how the trained model performs
on unseen observations.

I will use a random seed of 42.

The specific value 42 is not analytically important.
I use a fixed seed so the random split is reproducible.
Running the project again will produce the same
training and test observations,
which makes results easier to reproduce and compare.

2026-10-01 13:49:08 | INFO | P06 | Training rows: 273
2026-10-01 13:49:08 | INFO | P06 | Test rows: 69
2026-10-01 13:49:08 | INFO | P06 | -------------------------------
2026-10-01 13:49:08 | INFO | P06 | 05. BASELINE with a simple reference model.
2026-10-01 13:49:08 | INFO | P06 | -------------------------------
2026-10-01 13:49:08 | INFO | P06 | 
Before evaluating the LinearRegression model,
I need a simple baseline for comparison.

The baseline will ignore bill length
and predict the average body mass
from the training data for every test observation.

A useful predictive model should improve
on this simple reference prediction.

2026-10-01 13:49:08 | INFO | P06 | Baseline strategy: mean
2026-10-01 13:49:08 | INFO | P06 | Baseline RMSE: 751.68
2026-10-01 13:49:08 | INFO | P06 | Baseline R-squared: -0.002
2026-10-01 13:49:08 | INFO | P06 | -------------------------------
2026-10-01 13:49:08 | INFO | P06 | 06. TRAIN a LinearRegression model.
2026-10-01 13:49:08 | INFO | P06 | -------------------------------
2026-10-01 13:49:08 | INFO | P06 | 
I will use LinearRegression.

Linear regression fits a straight-line relationship
between the selected feature and target.

This gives a simple and interpretable model
that can be compared with the baseline.

Fitting a line does not prove that a straight line
is a good description of the relationship.

The evaluation metrics and residual plot
will help assess whether the model is useful.

2026-10-01 13:49:08 | INFO | P06 | The model learned this line:
2026-10-01 13:49:08 | INFO | P06 | body_mass_g = 49.851 * flipper_length_mm + -5816.874
2026-10-01 13:49:08 | INFO | P06 | -------------------------------
2026-10-01 13:49:08 | INFO | P06 | 07. PREDICT on X_test.
2026-10-01 13:49:08 | INFO | P06 | -------------------------------
2026-10-01 13:49:08 | INFO | P06 | Predictions created: 69
2026-10-01 13:49:08 | INFO | P06 | -------------------------------
2026-10-01 13:49:08 | INFO | P06 | 08. EVALUATE baseline vs model on y_test.
2026-10-01 13:49:08 | INFO | P06 | -------------------------------
2026-10-01 13:49:08 | INFO | P06 | BASELINE RESULTS
2026-10-01 13:49:08 | INFO | P06 | RMSE:      751.68
2026-10-01 13:49:08 | INFO | P06 | R-squared: -0.002
2026-10-01 13:49:08 | INFO | P06 | LINEAR REGRESSION RESULTS
2026-10-01 13:49:08 | INFO | P06 | RMSE:      356.05
2026-10-01 13:49:08 | INFO | P06 | R-squared: 0.775
2026-10-01 13:49:08 | INFO | P06 | -------------------------------
2026-10-01 13:49:08 | INFO | P06 | 09. VISUALIZE predictions and residuals.
2026-10-01 13:49:08 | INFO | P06 | -------------------------------
2026-10-01 13:49:08 | INFO | P06 | Chart saved successfully at docs\images\regression-predictions.png.
2026-10-01 13:49:08 | INFO | P06 | Chart saved successfully at docs\images\regression-residuals.png.
2026-10-01 13:49:08 | INFO | P06 | -------------------------------
2026-10-01 13:49:08 | INFO | P06 | 10. ASSESS the results.
2026-10-01 13:49:08 | INFO | P06 | -------------------------------
2026-10-01 13:49:08 | INFO | P06 | CUSTOM OBSERVATIONS:
    I used bill length to predict body mass.

    The baseline RMSE was ...
    The LinearRegression RMSE was ...

    Compared with the baseline,
    the LinearRegression model ...

    The model R-squared was ...

    In the residual plot, I observed ...

    Based on this evidence,
    I conclude ...

    Next, I would like to try ...
    
2026-10-01 13:49:08 | INFO | P06 | In a script, call plt.show() at the end to display all charts.
2026-10-01 13:49:08 | INFO | P06 | Close all chart windows (with the close button) to continue.
2026-10-01 13:51:26 | INFO | P06 | ===================================
2026-10-01 13:51:26 | INFO | P06 | END main() - Executed successfully!
2026-10-01 13:51:26 | INFO | P06 | ===================================
2026-10-01 13:51:37 | INFO | P06 | === RUN START ===
2026-10-01 13:51:37 | INFO | P06 | project=P06 - LINEAR REGRESSION
2026-10-01 13:51:37 | INFO | P06 | repo_dir=datafun-06-ml
2026-10-01 13:51:37 | INFO | P06 | python=3.14.7
2026-10-01 13:51:37 | INFO | P06 | os=Windows 11
2026-10-01 13:51:37 | INFO | P06 | shell=powershell
2026-10-01 13:51:37 | INFO | P06 | cwd=.
2026-10-01 13:51:37 | INFO | P06 | github_actions=False
2026-10-01 13:51:37 | INFO | P06 | ===================================
2026-10-01 13:51:37 | INFO | P06 | START main()
2026-10-01 13:51:37 | INFO | P06 | ===================================
2026-10-01 13:51:37 | INFO | P06 | -------------------------------
2026-10-01 13:51:37 | INFO | P06 | 01. OBSERVE the data and prior findings.
2026-10-01 13:51:37 | INFO | P06 | -------------------------------
2026-10-01 13:51:37 | INFO | P06 | data file = data\raw\penguins.csv
2026-10-01 13:51:37 | INFO | P06 | Data loaded successfully.
2026-10-01 13:51:37 | INFO | P06 | Grain: one penguin
2026-10-01 13:51:37 | INFO | P06 | Rows: 344
2026-10-01 13:51:37 | INFO | P06 | Columns: 8
2026-10-01 13:51:37 | INFO | P06 | Column names: ['species', 'island', 'bill_length_mm', 'bill_depth_mm', 'flipper_length_mm', 'body_mass_g', 'sex', 'year']
2026-10-01 13:51:37 | INFO | P06 | -------------------------------
2026-10-01 13:51:37 | INFO | P06 | 02. DECLARE the target and feature.
2026-10-01 13:51:37 | INFO | P06 | -------------------------------
2026-10-01 13:51:37 | INFO | P06 | Target:  body_mass_g
2026-10-01 13:51:37 | INFO | P06 | Feature: flipper_length_mm
2026-10-01 13:51:37 | INFO | P06 | 
I want to predict body mass.

I selected flipper length as the feature.

A bigger penguin may have both a longer flipper and more mass,
so flipper length might contain useful information
for predicting body mass.

I do not know yet how well flipper length will predict body mass.
The modeling process will provide evidence.

2026-10-01 13:51:37 | INFO | P06 | -------------------------------
2026-10-01 13:51:37 | INFO | P06 | 03. PREPARE the modeling data.
2026-10-01 13:51:37 | INFO | P06 | -------------------------------
2026-10-01 13:51:37 | INFO | P06 | Original rows: 344
2026-10-01 13:51:37 | INFO | P06 | Modeling rows: 342
2026-10-01 13:51:37 | INFO | P06 | Rows dropped: 2
2026-10-01 13:51:37 | INFO | P06 | X shape: (342, 1)
2026-10-01 13:51:37 | INFO | P06 | y shape: (342,)
2026-10-01 13:51:37 | INFO | P06 | -------------------------------
2026-10-01 13:51:37 | INFO | P06 | 04. SPLIT into training and test data.
2026-10-01 13:51:37 | INFO | P06 | -------------------------------
2026-10-01 13:51:37 | INFO | P06 | 
I will use 80% of the modeling rows for training
and hold back 20% for testing.

I want most of the available data to be available
for learning the model,
while still keeping a separate set of observations
that the model did not see during training.

The test rows will be used later
to evaluate how the trained model performs
on unseen observations.

I will use a random seed of 42.

The specific value 42 is not analytically important.
I use a fixed seed so the random split is reproducible.
Running the project again will produce the same
training and test observations,
which makes results easier to reproduce and compare.

2026-10-01 13:51:37 | INFO | P06 | Training rows: 273
2026-10-01 13:51:37 | INFO | P06 | Test rows: 69
2026-10-01 13:51:37 | INFO | P06 | -------------------------------
2026-10-01 13:51:37 | INFO | P06 | 05. BASELINE with a simple reference model.
2026-10-01 13:51:37 | INFO | P06 | -------------------------------
2026-10-01 13:51:37 | INFO | P06 | 
Before evaluating the LinearRegression model,
I need a simple baseline for comparison.

The baseline will ignore flipper length
and predict the average body mass
from the training data for every test observation.

A useful predictive model should improve
on this simple reference prediction.

2026-10-01 13:51:37 | INFO | P06 | Baseline strategy: mean
2026-10-01 13:51:37 | INFO | P06 | Baseline RMSE: 751.68
2026-10-01 13:51:37 | INFO | P06 | Baseline R-squared: -0.002
2026-10-01 13:51:37 | INFO | P06 | -------------------------------
2026-10-01 13:51:37 | INFO | P06 | 06. TRAIN a LinearRegression model.
2026-10-01 13:51:37 | INFO | P06 | -------------------------------
2026-10-01 13:51:37 | INFO | P06 | 
I will use LinearRegression.

Linear regression fits a straight-line relationship
between the selected feature and target.

This gives a simple and interpretable model
that can be compared with the baseline.

Fitting a line does not prove that a straight line
is a good description of the relationship.

The evaluation metrics and residual plot
will help assess whether the model is useful.

2026-10-01 13:51:37 | INFO | P06 | The model learned this line:
2026-10-01 13:51:37 | INFO | P06 | body_mass_g = 49.851 * flipper_length_mm + -5816.874
2026-10-01 13:51:37 | INFO | P06 | -------------------------------
2026-10-01 13:51:37 | INFO | P06 | 07. PREDICT on X_test.
2026-10-01 13:51:37 | INFO | P06 | -------------------------------
2026-10-01 13:51:37 | INFO | P06 | Predictions created: 69
2026-10-01 13:51:37 | INFO | P06 | -------------------------------
2026-10-01 13:51:37 | INFO | P06 | 08. EVALUATE baseline vs model on y_test.
2026-10-01 13:51:37 | INFO | P06 | -------------------------------
2026-10-01 13:51:37 | INFO | P06 | BASELINE RESULTS
2026-10-01 13:51:37 | INFO | P06 | RMSE:      751.68
2026-10-01 13:51:37 | INFO | P06 | R-squared: -0.002
2026-10-01 13:51:37 | INFO | P06 | LINEAR REGRESSION RESULTS
2026-10-01 13:51:37 | INFO | P06 | RMSE:      356.05
2026-10-01 13:51:37 | INFO | P06 | R-squared: 0.775
2026-10-01 13:51:37 | INFO | P06 | -------------------------------
2026-10-01 13:51:37 | INFO | P06 | 09. VISUALIZE predictions and residuals.
2026-10-01 13:51:37 | INFO | P06 | -------------------------------
2026-10-01 13:51:37 | INFO | P06 | Chart saved successfully at docs\images\regression-predictions.png.
2026-10-01 13:51:37 | INFO | P06 | Chart saved successfully at docs\images\regression-residuals.png.
2026-10-01 13:51:37 | INFO | P06 | -------------------------------
2026-10-01 13:51:37 | INFO | P06 | 10. ASSESS the results.
2026-10-01 13:51:37 | INFO | P06 | -------------------------------
2026-10-01 13:51:37 | INFO | P06 | CUSTOM OBSERVATIONS:
    I used flipper length to predict body mass.

    The baseline RMSE was ...
    The LinearRegression RMSE was ...

    Compared with the baseline,
    the LinearRegression model ...

    The model R-squared was ...

    In the residual plot, I observed ...

    Based on this evidence,
    I conclude ...

    Next, I would like to try ...
    
2026-10-01 13:51:37 | INFO | P06 | In a script, call plt.show() at the end to display all charts.
2026-10-01 13:51:37 | INFO | P06 | Close all chart windows (with the close button) to continue.
2026-10-01 13:52:09 | INFO | P06 | ===================================
2026-10-01 13:52:09 | INFO | P06 | END main() - Executed successfully!
2026-10-01 13:52:09 | INFO | P06 | ===================================
2026-10-01 13:56:52 | INFO | P06 | === RUN START ===
2026-10-01 13:56:52 | INFO | P06 | project=P06 - LINEAR REGRESSION
2026-10-01 13:56:52 | INFO | P06 | repo_dir=datafun-06-ml
2026-10-01 13:56:52 | INFO | P06 | python=3.14.7
2026-10-01 13:56:52 | INFO | P06 | os=Windows 11
2026-10-01 13:56:52 | INFO | P06 | shell=powershell
2026-10-01 13:56:52 | INFO | P06 | cwd=.
2026-10-01 13:56:52 | INFO | P06 | github_actions=False
2026-10-01 13:56:52 | INFO | P06 | ===================================
2026-10-01 13:56:52 | INFO | P06 | START main()
2026-10-01 13:56:52 | INFO | P06 | ===================================
2026-10-01 13:56:52 | INFO | P06 | -------------------------------
2026-10-01 13:56:52 | INFO | P06 | 01. OBSERVE the data and prior findings.
2026-10-01 13:56:52 | INFO | P06 | -------------------------------
2026-10-01 13:56:52 | INFO | P06 | data file = data\raw\penguins.csv
2026-10-01 13:56:52 | INFO | P06 | Data loaded successfully.
2026-10-01 13:56:52 | INFO | P06 | Grain: one penguin
2026-10-01 13:56:52 | INFO | P06 | Rows: 344
2026-10-01 13:56:52 | INFO | P06 | Columns: 8
2026-10-01 13:56:52 | INFO | P06 | Column names: ['species', 'island', 'bill_length_mm', 'bill_depth_mm', 'flipper_length_mm', 'body_mass_g', 'sex', 'year']
2026-10-01 13:56:52 | INFO | P06 | -------------------------------
2026-10-01 13:56:52 | INFO | P06 | 02. DECLARE the target and feature.
2026-10-01 13:56:52 | INFO | P06 | -------------------------------
2026-10-01 13:56:52 | INFO | P06 | Target:  body_mass_g
2026-10-01 13:56:52 | INFO | P06 | Feature: bill_depth_mm
2026-10-01 13:56:52 | INFO | P06 | 
I want to predict body mass.

I selected bill depth as the feature.

A bigger penguin may have both a thicker bill and more mass,
so bill depth might contain useful information
for predicting body mass.

I do not know yet how well bill depth will predict body mass.
The modeling process will provide evidence.

2026-10-01 13:56:52 | INFO | P06 | -------------------------------
2026-10-01 13:56:52 | INFO | P06 | 03. PREPARE the modeling data.
2026-10-01 13:56:52 | INFO | P06 | -------------------------------
2026-10-01 13:56:52 | INFO | P06 | Original rows: 344
2026-10-01 13:56:52 | INFO | P06 | Modeling rows: 342
2026-10-01 13:56:52 | INFO | P06 | Rows dropped: 2
2026-10-01 13:56:52 | INFO | P06 | X shape: (342, 1)
2026-10-01 13:56:52 | INFO | P06 | y shape: (342,)
2026-10-01 13:56:52 | INFO | P06 | -------------------------------
2026-10-01 13:56:52 | INFO | P06 | 04. SPLIT into training and test data.
2026-10-01 13:56:52 | INFO | P06 | -------------------------------
2026-10-01 13:56:52 | INFO | P06 | 
I will use 80% of the modeling rows for training
and hold back 20% for testing.

I want most of the available data to be available
for learning the model,
while still keeping a separate set of observations
that the model did not see during training.

The test rows will be used later
to evaluate how the trained model performs
on unseen observations.

I will use a random seed of 42.

The specific value 42 is not analytically important.
I use a fixed seed so the random split is reproducible.
Running the project again will produce the same
training and test observations,
which makes results easier to reproduce and compare.

2026-10-01 13:56:52 | INFO | P06 | Training rows: 273
2026-10-01 13:56:52 | INFO | P06 | Test rows: 69
2026-10-01 13:56:52 | INFO | P06 | -------------------------------
2026-10-01 13:56:52 | INFO | P06 | 05. BASELINE with a simple reference model.
2026-10-01 13:56:52 | INFO | P06 | -------------------------------
2026-10-01 13:56:52 | INFO | P06 | 
Before evaluating the LinearRegression model,
I need a simple baseline for comparison.

The baseline will ignore bill depth
and predict the average body mass
from the training data for every test observation.

A useful predictive model should improve
on this simple reference prediction.

2026-10-01 13:56:52 | INFO | P06 | Baseline strategy: mean
2026-10-01 13:56:52 | INFO | P06 | Baseline RMSE: 751.68
2026-10-01 13:56:52 | INFO | P06 | Baseline R-squared: -0.002
2026-10-01 13:56:52 | INFO | P06 | -------------------------------
2026-10-01 13:56:52 | INFO | P06 | 06. TRAIN a LinearRegression model.
2026-10-01 13:56:52 | INFO | P06 | -------------------------------
2026-10-01 13:56:52 | INFO | P06 | 
I will use LinearRegression.

Linear regression fits a straight-line relationship
between the selected feature and target.

This gives a simple and interpretable model
that can be compared with the baseline.

Fitting a line does not prove that a straight line
is a good description of the relationship.

The evaluation metrics and residual plot
will help assess whether the model is useful.

2026-10-01 13:56:52 | INFO | P06 | The model learned this line:
2026-10-01 13:56:52 | INFO | P06 | body_mass_g = -197.524 * bill_depth_mm + 7588.361
2026-10-01 13:56:52 | INFO | P06 | -------------------------------
2026-10-01 13:56:52 | INFO | P06 | 07. PREDICT on X_test.
2026-10-01 13:56:52 | INFO | P06 | -------------------------------
2026-10-01 13:56:52 | INFO | P06 | Predictions created: 69
2026-10-01 13:56:52 | INFO | P06 | -------------------------------
2026-10-01 13:56:52 | INFO | P06 | 08. EVALUATE baseline vs model on y_test.
2026-10-01 13:56:52 | INFO | P06 | -------------------------------
2026-10-01 13:56:52 | INFO | P06 | BASELINE RESULTS
2026-10-01 13:56:52 | INFO | P06 | RMSE:      751.68
2026-10-01 13:56:52 | INFO | P06 | R-squared: -0.002
2026-10-01 13:56:52 | INFO | P06 | LINEAR REGRESSION RESULTS
2026-10-01 13:56:52 | INFO | P06 | RMSE:      668.28
2026-10-01 13:56:52 | INFO | P06 | R-squared: 0.208
2026-10-01 13:56:52 | INFO | P06 | -------------------------------
2026-10-01 13:56:52 | INFO | P06 | 09. VISUALIZE predictions and residuals.
2026-10-01 13:56:52 | INFO | P06 | -------------------------------
2026-10-01 13:56:52 | INFO | P06 | Chart saved successfully at docs\images\regression-predictions.png.
2026-10-01 13:56:52 | INFO | P06 | Chart saved successfully at docs\images\regression-residuals.png.
2026-10-01 13:56:52 | INFO | P06 | -------------------------------
2026-10-01 13:56:52 | INFO | P06 | 10. ASSESS the results.
2026-10-01 13:56:52 | INFO | P06 | -------------------------------
2026-10-01 13:56:52 | INFO | P06 | CUSTOM OBSERVATIONS:
    I used bill depth to predict body mass.

    The baseline RMSE was ...
    The LinearRegression RMSE was ...

    Compared with the baseline,
    the LinearRegression model ...

    The model R-squared was ...

    In the residual plot, I observed ...

    Based on this evidence,
    I conclude ...

    Next, I would like to try ...
    
2026-10-01 13:56:52 | INFO | P06 | In a script, call plt.show() at the end to display all charts.
2026-10-01 13:56:52 | INFO | P06 | Close all chart windows (with the close button) to continue.
2026-10-01 13:57:48 | INFO | P06 | ===================================
2026-10-01 13:57:48 | INFO | P06 | END main() - Executed successfully!
2026-10-01 13:57:48 | INFO | P06 | ===================================
2026-10-02 11:06:23 | INFO | P06 | === RUN START ===
2026-10-02 11:06:23 | INFO | P06 | project=P06 - LINEAR REGRESSION
2026-10-02 11:06:23 | INFO | P06 | repo_dir=datafun-06-ml
2026-10-02 11:06:23 | INFO | P06 | python=3.14.7
2026-10-02 11:06:23 | INFO | P06 | os=Windows 11
2026-10-02 11:06:23 | INFO | P06 | shell=powershell
2026-10-02 11:06:23 | INFO | P06 | cwd=.
2026-10-02 11:06:23 | INFO | P06 | github_actions=False
2026-10-02 11:06:23 | INFO | P06 | ===================================
2026-10-02 11:06:23 | INFO | P06 | START main()
2026-10-02 11:06:23 | INFO | P06 | ===================================
2026-10-02 11:06:23 | INFO | P06 | -------------------------------
2026-10-02 11:06:23 | INFO | P06 | 01. OBSERVE the data and prior findings.
2026-10-02 11:06:23 | INFO | P06 | -------------------------------
2026-10-02 11:06:23 | INFO | P06 | data file = data\raw\penguins.csv
2026-10-02 11:06:23 | INFO | P06 | Data loaded successfully.
2026-10-02 11:06:23 | INFO | P06 | Grain: one penguin
2026-10-02 11:06:23 | INFO | P06 | Rows: 344
2026-10-02 11:06:23 | INFO | P06 | Columns: 8
2026-10-02 11:06:23 | INFO | P06 | Column names: ['species', 'island', 'bill_length_mm', 'bill_depth_mm', 'flipper_length_mm', 'body_mass_g', 'sex', 'year']
2026-10-02 11:06:23 | INFO | P06 | -------------------------------
2026-10-02 11:06:23 | INFO | P06 | 02. DECLARE the target and feature.
2026-10-02 11:06:23 | INFO | P06 | -------------------------------
2026-10-02 11:06:23 | INFO | P06 | Target:  body_mass_g
2026-10-02 11:06:23 | INFO | P06 | Feature: ['bill_depth_mm', 'bill_length_mm', 'flipper_length_mm']
2026-10-02 11:06:23 | INFO | P06 | 
Use bill_length_mm, bill_depth_mm, and flipper_length_mm as the feature.

Reason:
- All three are numeric measurements that may help predict body mass.
- I previously testest each feature individually using simple linear regression.
- Now I want to see whether combining the three measurements improves prediction compared with using only one feature.

2026-10-02 11:06:23 | INFO | P06 | -------------------------------
2026-10-02 11:06:23 | INFO | P06 | 03. PREPARE the modeling data.
2026-10-02 11:06:23 | INFO | P06 | -------------------------------
2026-10-02 11:06:23 | INFO | P06 | Original rows: 344
2026-10-02 11:06:23 | INFO | P06 | Modeling rows: 342
2026-10-02 11:06:23 | INFO | P06 | Rows dropped: 2
2026-10-02 11:06:23 | INFO | P06 | X shape: (342, 3)
2026-10-02 11:06:23 | INFO | P06 | y shape: (342,)
2026-10-02 11:06:23 | INFO | P06 | -------------------------------
2026-10-02 11:06:23 | INFO | P06 | 04. SPLIT into training and test data.
2026-10-02 11:06:23 | INFO | P06 | -------------------------------
2026-10-02 11:06:23 | INFO | P06 | 
I will use 80% of the modeling rows for training
and hold back 20% for testing.

I want most of the available data to be available
for learning the model,
while still keeping a separate set of observations
that the model did not see during training.

The test rows will be used later
to evaluate how the trained model performs
on unseen observations.

I will use a random seed of 42.

The specific value 42 is not analytically important.
I use a fixed seed so the random split is reproducible.
Running the project again will produce the same
training and test observations,
which makes results easier to reproduce and compare.

2026-10-02 11:06:23 | INFO | P06 | Training rows: 273
2026-10-02 11:06:23 | INFO | P06 | Test rows: 69
2026-10-02 11:06:23 | INFO | P06 | -------------------------------
2026-10-02 11:06:23 | INFO | P06 | 05. BASELINE with a simple reference model.
2026-10-02 11:06:23 | INFO | P06 | -------------------------------
2026-10-02 11:06:23 | INFO | P06 | 
Before evaluating the LinearRegression model,
I need a simple baseline for comparison.

The baseline will ignore bill depth
and predict the average body mass
from the training data for every test observation.

A useful predictive model should improve
on this simple reference prediction.

2026-10-02 11:06:24 | INFO | P06 | Baseline strategy: mean
2026-10-02 11:06:24 | INFO | P06 | Baseline RMSE: 751.68
2026-10-02 11:06:24 | INFO | P06 | Baseline R-squared: -0.002
2026-10-02 11:06:24 | INFO | P06 | -------------------------------
2026-10-02 11:06:24 | INFO | P06 | 06. TRAIN a LinearRegression model.
2026-10-02 11:06:24 | INFO | P06 | -------------------------------
2026-10-02 11:06:24 | INFO | P06 | 
I will use LinearRegression.

Linear regression fits a straight-line relationship
between the selected feature and target.

This gives a simple and interpretable model
that can be compared with the baseline.

Fitting a line does not prove that a straight line
is a good description of the relationship.

The evaluation metrics and residual plot
will help assess whether the model is useful.

2026-10-02 11:06:24 | INFO | P06 | The model learned these coefficients:
2026-10-02 11:06:24 | INFO | P06 | bill_depth_mm: 13.147
2026-10-02 11:06:24 | INFO | P06 | bill_length_mm: 2.464
2026-10-02 11:06:24 | INFO | P06 | flipper_length_mm: 50.264
2026-10-02 11:06:24 | INFO | P06 | Intercept: -6233.341
2026-10-02 11:06:24 | INFO | P06 | -------------------------------
2026-10-02 11:06:24 | INFO | P06 | 07. PREDICT on X_test.
2026-10-02 11:06:24 | INFO | P06 | -------------------------------
2026-10-02 11:06:24 | INFO | P06 | Predictions created: 69
2026-10-02 11:06:24 | INFO | P06 | -------------------------------
2026-10-02 11:06:24 | INFO | P06 | 08. EVALUATE baseline vs model on y_test.
2026-10-02 11:06:24 | INFO | P06 | -------------------------------
2026-10-02 11:06:24 | INFO | P06 | BASELINE RESULTS
2026-10-02 11:06:24 | INFO | P06 | RMSE:      751.68
2026-10-02 11:06:24 | INFO | P06 | R-squared: -0.002
2026-10-02 11:06:24 | INFO | P06 | LINEAR REGRESSION RESULTS
2026-10-02 11:06:24 | INFO | P06 | RMSE:      349.98
2026-10-02 11:06:24 | INFO | P06 | R-squared: 0.783
2026-10-02 11:06:24 | INFO | P06 | -------------------------------
2026-10-02 11:06:24 | INFO | P06 | 09. VISUALIZE predictions and residuals.
2026-10-02 11:06:24 | INFO | P06 | -------------------------------
2026-10-02 11:06:24 | INFO | P06 | Chart saved successfully at docs\images\regression-predictions.png.
2026-10-02 11:06:24 | INFO | P06 | Chart saved successfully at docs\images\regression-residuals.png.
2026-10-02 11:06:24 | INFO | P06 | -------------------------------
2026-10-02 11:06:24 | INFO | P06 | 10. ASSESS the results.
2026-10-02 11:06:24 | INFO | P06 | -------------------------------
2026-10-02 11:06:24 | INFO | P06 | CUSTOM OBSERVATIONS:
    I used bill depth to predict body mass.

    The baseline RMSE was ...
    The LinearRegression RMSE was ...

    Compared with the baseline,
    the LinearRegression model ...

    The model R-squared was ...

    In the residual plot, I observed ...

    Based on this evidence,
    I conclude ...

    Next, I would like to try ...
    
2026-10-02 11:06:24 | INFO | P06 | In a script, call plt.show() at the end to display all charts.
2026-10-02 11:06:24 | INFO | P06 | Close all chart windows (with the close button) to continue.
2026-10-02 11:06:51 | INFO | P06 | ===================================
2026-10-02 11:06:51 | INFO | P06 | END main() - Executed successfully!
2026-10-02 11:06:51 | INFO | P06 | ===================================
2026-10-02 11:38:36 | INFO | P06 | === RUN START ===
2026-10-02 11:38:36 | INFO | P06 | project=P06 - LINEAR REGRESSION
2026-10-02 11:38:36 | INFO | P06 | repo_dir=datafun-06-ml
2026-10-02 11:38:36 | INFO | P06 | python=3.14.7
2026-10-02 11:38:36 | INFO | P06 | os=Windows 11
2026-10-02 11:38:36 | INFO | P06 | shell=powershell
2026-10-02 11:38:36 | INFO | P06 | cwd=.
2026-10-02 11:38:36 | INFO | P06 | github_actions=False
2026-10-02 11:38:36 | INFO | P06 | ===================================
2026-10-02 11:38:36 | INFO | P06 | START main()
2026-10-02 11:38:36 | INFO | P06 | ===================================
2026-10-02 11:38:36 | INFO | P06 | -------------------------------
2026-10-02 11:38:36 | INFO | P06 | 01. OBSERVE the data and prior findings.
2026-10-02 11:38:36 | INFO | P06 | -------------------------------
2026-10-02 11:38:36 | INFO | P06 | data file = data\raw\penguins.csv
2026-10-02 11:38:36 | INFO | P06 | Data loaded successfully.
2026-10-02 11:38:36 | INFO | P06 | Grain: one penguin
2026-10-02 11:38:36 | INFO | P06 | Rows: 344
2026-10-02 11:38:36 | INFO | P06 | Columns: 8
2026-10-02 11:38:36 | INFO | P06 | Column names: ['species', 'island', 'bill_length_mm', 'bill_depth_mm', 'flipper_length_mm', 'body_mass_g', 'sex', 'year']
2026-10-02 11:38:36 | INFO | P06 | -------------------------------
2026-10-02 11:38:36 | INFO | P06 | 02. DECLARE the target and features.
2026-10-02 11:38:36 | INFO | P06 | -------------------------------
2026-10-02 11:38:36 | INFO | P06 | Target:  body_mass_g
2026-10-02 11:38:36 | INFO | P06 | Features: ['bill_depth_mm', 'bill_length_mm', 'flipper_length_mm']
2026-10-02 11:38:36 | INFO | P06 | 
Use bill_length_mm, bill_depth_mm, and flipper_length_mm as the features.

Reason:
- All three are numeric measurements that may help predict body mass.
- I previously tested each feature individually using simple linear regression.
- Now I want to see whether combining the three measurements improves prediction compared with using only one feature.

2026-10-02 11:38:36 | INFO | P06 | -------------------------------
2026-10-02 11:38:36 | INFO | P06 | 03. PREPARE the modeling data.
2026-10-02 11:38:36 | INFO | P06 | -------------------------------
2026-10-02 11:38:36 | INFO | P06 | Original rows: 344
2026-10-02 11:38:36 | INFO | P06 | Modeling rows: 342
2026-10-02 11:38:36 | INFO | P06 | Rows dropped: 2
2026-10-02 11:38:36 | INFO | P06 | X shape: (342, 3)
2026-10-02 11:38:36 | INFO | P06 | y shape: (342,)
2026-10-02 11:38:36 | INFO | P06 | -------------------------------
2026-10-02 11:38:36 | INFO | P06 | 04. SPLIT into training and test data.
2026-10-02 11:38:36 | INFO | P06 | -------------------------------
2026-10-02 11:38:36 | INFO | P06 | 
I will use 80% of the modeling rows for training
and hold back 20% for testing.

I want most of the available data to be available
for learning the model,
while still keeping a separate set of observations
that the model did not see during training.

The test rows will be used later
to evaluate how the trained model performs
on unseen observations.

I will use a random seed of 42.

The specific value 42 is not analytically important.
I use a fixed seed so the random split is reproducible.
Running the project again will produce the same
training and test observations,
which makes results easier to reproduce and compare.

2026-10-02 11:38:36 | INFO | P06 | Training rows: 273
2026-10-02 11:38:36 | INFO | P06 | Test rows: 69
2026-10-02 11:38:36 | INFO | P06 | -------------------------------
2026-10-02 11:38:36 | INFO | P06 | 05. BASELINE with a simple reference model.
2026-10-02 11:38:36 | INFO | P06 | -------------------------------
2026-10-02 11:38:36 | INFO | P06 | 
Before evaluating the LinearRegression model,
I need a simple baseline for comparison.

The baseline will ignore the predictor features
and predict the average body mass
from the training data for every test observation.

A useful predictive model should improve
on this simple reference prediction.

2026-10-02 11:38:36 | INFO | P06 | Baseline strategy: mean
2026-10-02 11:38:36 | INFO | P06 | Baseline RMSE: 751.68
2026-10-02 11:38:36 | INFO | P06 | Baseline R-squared: -0.002
2026-10-02 11:38:36 | INFO | P06 | -------------------------------
2026-10-02 11:38:36 | INFO | P06 | 06. TRAIN a LinearRegression model.
2026-10-02 11:38:36 | INFO | P06 | -------------------------------
2026-10-02 11:38:36 | INFO | P06 | 
I will use LinearRegression.

Multiple linear regression uses multiple predictor features to predict one numeric target.

I will use bill depth, bill length, and flipper length together to predict body mass.

This allows me to compare the multiple regression model with the individual simple linear regression models I tested previously.

The evaluation metrics and residual plot
will help assess whether combining the features improves prediction.

2026-10-02 11:38:36 | INFO | P06 | The model learned these coefficients:
2026-10-02 11:38:36 | INFO | P06 | bill_depth_mm: 13.147
2026-10-02 11:38:36 | INFO | P06 | bill_length_mm: 2.464
2026-10-02 11:38:36 | INFO | P06 | flipper_length_mm: 50.264
2026-10-02 11:38:36 | INFO | P06 | Intercept: -6233.341
2026-10-02 11:38:36 | INFO | P06 | -------------------------------
2026-10-02 11:38:36 | INFO | P06 | 07. PREDICT on X_test.
2026-10-02 11:38:36 | INFO | P06 | -------------------------------
2026-10-02 11:38:36 | INFO | P06 | Predictions created: 69
2026-10-02 11:38:36 | INFO | P06 | -------------------------------
2026-10-02 11:38:36 | INFO | P06 | 08. EVALUATE baseline vs model on y_test.
2026-10-02 11:38:36 | INFO | P06 | -------------------------------
2026-10-02 11:38:36 | INFO | P06 | BASELINE RESULTS
2026-10-02 11:38:36 | INFO | P06 | RMSE:      751.68
2026-10-02 11:38:36 | INFO | P06 | R-squared: -0.002
2026-10-02 11:38:36 | INFO | P06 | MULTIPLE LINEAR REGRESSION RESULTS
2026-10-02 11:38:36 | INFO | P06 | RMSE:      349.98
2026-10-02 11:38:36 | INFO | P06 | R-squared: 0.783
2026-10-02 11:38:36 | INFO | P06 | -------------------------------
2026-10-02 11:38:36 | INFO | P06 | 09. VISUALIZE predictions and residuals.
2026-10-02 11:38:36 | INFO | P06 | -------------------------------
2026-10-02 11:38:37 | INFO | P06 | Chart saved successfully at docs\images\regression-predictions.png.
2026-10-02 11:38:37 | INFO | P06 | Chart saved successfully at docs\images\regression-residuals.png.
2026-10-02 11:38:37 | INFO | P06 | -------------------------------
2026-10-02 11:38:37 | INFO | P06 | 10. ASSESS the results.
2026-10-02 11:38:37 | INFO | P06 | -------------------------------
2026-10-02 11:38:37 | INFO | P06 | CUSTOM OBSERVATIONS:
        I first tested bill depth, bill length, and flipper length
        individually to predict body mass.

        Of the three individual features, flipper length performed
        the best with an RMSE of 356.05 and an R-squared of 0.775.

        I then combined bill depth, bill length, and flipper length
        in a multiple linear regression model.

        The baseline RMSE was 751.68.
        The multiple linear regression RMSE was 349.98.

        The multiple regression model had an R-squared of 0.783,
        compared with -0.002 for the baseline.

        In the residual plot, I observed residuals both above and
        below zero, although there were still some larger prediction errors.

        Based on these results, combining all three features improved
        prediction compared with the baseline. However, the improvement
        compared with using flipper length alone was small.

        I learned that adding more predictor variables does not
        necessarily result in a larger improvement in prediction.

        Next, I would like to explore other combinations of features
        or use additional methods to evaluate how well the model
        performs on different samples of data.
    
2026-10-02 11:38:37 | INFO | P06 | In a script, call plt.show() at the end to display all charts.
2026-10-02 11:38:37 | INFO | P06 | Close all chart windows (with the close button) to continue.
2026-10-02 11:38:40 | INFO | P06 | ===================================
2026-10-02 11:38:40 | INFO | P06 | END main() - Executed successfully!
2026-10-02 11:38:40 | INFO | P06 | ===================================
2026-10-02 12:45:21 | INFO | P06 | === RUN START ===
2026-10-02 12:45:21 | INFO | P06 | project=P06 - LINEAR REGRESSION
2026-10-02 12:45:21 | INFO | P06 | repo_dir=datafun-06-ml
2026-10-02 12:45:21 | INFO | P06 | python=3.14.7
2026-10-02 12:45:21 | INFO | P06 | os=Windows 11
2026-10-02 12:45:21 | INFO | P06 | shell=powershell
2026-10-02 12:45:21 | INFO | P06 | cwd=.
2026-10-02 12:45:21 | INFO | P06 | github_actions=False
2026-10-02 12:45:21 | INFO | P06 | ===================================
2026-10-02 12:45:21 | INFO | P06 | START main()
2026-10-02 12:45:21 | INFO | P06 | ===================================
2026-10-02 12:45:21 | INFO | P06 | -------------------------------
2026-10-02 12:45:21 | INFO | P06 | 01. OBSERVE the data and prior findings.
2026-10-02 12:45:21 | INFO | P06 | -------------------------------
2026-10-02 12:45:21 | INFO | P06 | data file = data\raw\penguins.csv
2026-10-02 12:45:21 | INFO | P06 | Data loaded successfully.
2026-10-02 12:45:21 | INFO | P06 | Grain: one penguin
2026-10-02 12:45:21 | INFO | P06 | Rows: 344
2026-10-02 12:45:21 | INFO | P06 | Columns: 8
2026-10-02 12:45:21 | INFO | P06 | Column names: ['species', 'island', 'bill_length_mm', 'bill_depth_mm', 'flipper_length_mm', 'body_mass_g', 'sex', 'year']
2026-10-02 12:45:21 | INFO | P06 | -------------------------------
2026-10-02 12:45:21 | INFO | P06 | 02. DECLARE the target and features.
2026-10-02 12:45:21 | INFO | P06 | -------------------------------
2026-10-02 12:45:21 | INFO | P06 | Target:  body_mass_g
2026-10-02 12:45:21 | INFO | P06 | Features: ['bill_depth_mm', 'bill_length_mm', 'flipper_length_mm']
2026-10-02 12:45:21 | INFO | P06 | 
Use bill_length_mm, bill_depth_mm, and flipper_length_mm as the features.

Reason:
- All three are numeric measurements that may help predict body mass.
- I previously tested each feature individually using simple linear regression.
- Now I want to see whether combining the three measurements improves prediction compared with using only one feature.

2026-10-02 12:45:21 | INFO | P06 | -------------------------------
2026-10-02 12:45:21 | INFO | P06 | 03. PREPARE the modeling data.
2026-10-02 12:45:21 | INFO | P06 | -------------------------------
2026-10-02 12:45:21 | INFO | P06 | Original rows: 344
2026-10-02 12:45:21 | INFO | P06 | Modeling rows: 342
2026-10-02 12:45:21 | INFO | P06 | Rows dropped: 2
2026-10-02 12:45:21 | INFO | P06 | X shape: (342, 3)
2026-10-02 12:45:21 | INFO | P06 | y shape: (342,)
2026-10-02 12:45:21 | INFO | P06 | -------------------------------
2026-10-02 12:45:21 | INFO | P06 | 04. SPLIT into training and test data.
2026-10-02 12:45:21 | INFO | P06 | -------------------------------
2026-10-02 12:45:21 | INFO | P06 | 
I will use 80% of the modeling rows for training
and hold back 20% for testing.

I want most of the available data to be available
for learning the model,
while still keeping a separate set of observations
that the model did not see during training.

The test rows will be used later
to evaluate how the trained model performs
on unseen observations.

I will use a random seed of 42.

The specific value 42 is not analytically important.
I use a fixed seed so the random split is reproducible.
Running the project again will produce the same
training and test observations,
which makes results easier to reproduce and compare.

2026-10-02 12:45:21 | INFO | P06 | Training rows: 273
2026-10-02 12:45:21 | INFO | P06 | Test rows: 69
2026-10-02 12:45:21 | INFO | P06 | -------------------------------
2026-10-02 12:45:21 | INFO | P06 | 05. BASELINE with a simple reference model.
2026-10-02 12:45:21 | INFO | P06 | -------------------------------
2026-10-02 12:45:21 | INFO | P06 | 
Before evaluating the LinearRegression model,
I need a simple baseline for comparison.

The baseline will ignore the predictor features
and predict the average body mass
from the training data for every test observation.

A useful predictive model should improve
on this simple reference prediction.

2026-10-02 12:45:21 | INFO | P06 | Baseline strategy: mean
2026-10-02 12:45:21 | INFO | P06 | Baseline RMSE: 751.68
2026-10-02 12:45:21 | INFO | P06 | Baseline R-squared: -0.002
2026-10-02 12:45:21 | INFO | P06 | -------------------------------
2026-10-02 12:45:21 | INFO | P06 | 06. TRAIN a LinearRegression model.
2026-10-02 12:45:21 | INFO | P06 | -------------------------------
2026-10-02 12:45:21 | INFO | P06 | 
I will use LinearRegression.

Multiple linear regression uses multiple predictor features to predict one numeric target.

I will use bill depth, bill length, and flipper length together to predict body mass.

This allows me to compare the multiple regression model with the individual simple linear regression models I tested previously.

The evaluation metrics and residual plot
will help assess whether combining the features improves prediction.

2026-10-02 12:45:21 | INFO | P06 | The model learned these coefficients:
2026-10-02 12:45:21 | INFO | P06 | bill_depth_mm: 13.147
2026-10-02 12:45:21 | INFO | P06 | bill_length_mm: 2.464
2026-10-02 12:45:21 | INFO | P06 | flipper_length_mm: 50.264
2026-10-02 12:45:21 | INFO | P06 | Intercept: -6233.341
2026-10-02 12:45:21 | INFO | P06 | -------------------------------
2026-10-02 12:45:21 | INFO | P06 | 07. PREDICT on X_test.
2026-10-02 12:45:21 | INFO | P06 | -------------------------------
2026-10-02 12:45:21 | INFO | P06 | Predictions created: 69
2026-10-02 12:45:21 | INFO | P06 | -------------------------------
2026-10-02 12:45:21 | INFO | P06 | 08. EVALUATE baseline vs model on y_test.
2026-10-02 12:45:21 | INFO | P06 | -------------------------------
2026-10-02 12:45:21 | INFO | P06 | BASELINE RESULTS
2026-10-02 12:45:21 | INFO | P06 | RMSE:      751.68
2026-10-02 12:45:21 | INFO | P06 | R-squared: -0.002
2026-10-02 12:45:21 | INFO | P06 | MULTIPLE LINEAR REGRESSION RESULTS
2026-10-02 12:45:21 | INFO | P06 | RMSE:      349.98
2026-10-02 12:45:21 | INFO | P06 | R-squared: 0.783
2026-10-02 12:45:21 | INFO | P06 | -------------------------------
2026-10-02 12:45:21 | INFO | P06 | 09. VISUALIZE predictions and residuals.
2026-10-02 12:45:21 | INFO | P06 | -------------------------------
2026-10-02 12:45:21 | INFO | P06 | Chart saved successfully at docs\images\regression-predictions.png.
2026-10-02 12:45:21 | INFO | P06 | Chart saved successfully at docs\images\regression-residuals.png.
2026-10-02 12:45:21 | INFO | P06 | -------------------------------
2026-10-02 12:45:21 | INFO | P06 | 10. ASSESS the results.
2026-10-02 12:45:21 | INFO | P06 | -------------------------------
2026-10-02 12:45:21 | INFO | P06 | CUSTOM OBSERVATIONS:
        I first tested bill depth, bill length, and flipper length
        individually to predict body mass.

        Of the three individual features, flipper length performed
        the best with an RMSE of 356.05 and an R-squared of 0.775.

        I then combined bill depth, bill length, and flipper length
        in a multiple linear regression model.

        The baseline RMSE was 751.68.
        The multiple linear regression RMSE was 349.98.

        The multiple regression model had an R-squared of 0.783,
        compared with -0.002 for the baseline.

        In the residual plot, I observed residuals both above and
        below zero, although there were still some larger prediction errors.

        Based on these results, combining all three features improved
        prediction compared with the baseline. However, the improvement
        compared with using flipper length alone was small.

        I learned that adding more predictor variables does not
        necessarily result in a larger improvement in prediction.

        Next, I would like to explore other combinations of features
        or use additional methods to evaluate how well the model
        performs on different samples of data.
    
2026-10-02 12:45:21 | INFO | P06 | In a script, call plt.show() at the end to display all charts.
2026-10-02 12:45:21 | INFO | P06 | Close all chart windows (with the close button) to continue.
2026-10-02 12:45:21 | INFO | P06 | ===================================
2026-10-02 12:45:21 | INFO | P06 | END main() - Executed successfully!
2026-10-02 12:45:21 | INFO | P06 | ===================================
